ARM Linker, RVCT4.0 [Build 728] [Evaluation]

==============================================================================

Section Cross References

    lab7cwrapper.o(.text) refers to lab7.o(main) for lab7
    graphics_library.o(graphics_library) refers to lab7.o(main) for get_rand
    graphics_library.o(graphics_library) refers to string_library.o(string_library) for output_character
    graphics_library.o(graphics_library) refers to general_library.o(general_library) for div_and_mod
    hardware_library.o(hardware_library) refers to string_library.o(string_library) for cmp_str
    lab7.o(main) refers (Special) to string_library.o(string_library) for cmp_str
    lab7.o(main) refers to hardware_library.o(hardware_library) for GPIO_init
    lab7.o(main) refers to graphics_library.o(graphics_library) for draw_board
    lab7.o(main) refers to general_library.o(general_library) for div_and_mod
    startup.o(STACK) refers (Special) to heapauxi.o(.text) for __use_two_region_memory
    startup.o(HEAP) refers (Special) to heapauxi.o(.text) for __use_two_region_memory
    startup.o(RESET) refers (Special) to heapauxi.o(.text) for __use_two_region_memory
    startup.o(RESET) refers to lab7.o(main) for FIQ_Handler
    startup.o(RESET) refers to startup.o(STACK) for Stack_Top
    startup.o(RESET) refers to __main.o(!!!main) for __main
    startup.o(.text) refers (Special) to heapauxi.o(.text) for __use_two_region_memory
    startup.o(.text) refers to startup.o(HEAP) for Heap_Mem
    startup.o(.text) refers to startup.o(STACK) for Stack_Mem
    string_library.o(string_library) refers to general_library.o(general_library) for div_and_mod
    __main.o(!!!main) refers to rtentry.o(.ARM.Collect$$rtentry$$00000000) for __rt_entry
    rtentry.o(.ARM.Collect$$rtentry$$00000000) refers (Special) to rtentry2.o(.ARM.Collect$$rtentry$$0000000A) for __rt_entry_li
    rtentry.o(.ARM.Collect$$rtentry$$00000000) refers (Special) to rtentry2.o(.ARM.Collect$$rtentry$$0000000D) for __rt_entry_main
    rtentry.o(.ARM.Collect$$rtentry$$00000000) refers (Special) to rtentry2.o(.ARM.Collect$$rtentry$$0000000C) for __rt_entry_postli_1
    rtentry.o(.ARM.Collect$$rtentry$$00000000) refers (Special) to rtentry2.o(.ARM.Collect$$rtentry$$00000009) for __rt_entry_postsh_1
    rtentry.o(.ARM.Collect$$rtentry$$00000000) refers (Special) to rtentry2.o(.ARM.Collect$$rtentry$$00000002) for __rt_entry_presh_1
    rtentry.o(.ARM.Collect$$rtentry$$00000000) refers (Special) to rtentry4.o(.ARM.Collect$$rtentry$$00000004) for __rt_entry_sh
    rtentry.o(.ARM.exidx) refers (Special) to rtentry2.o(.ARM.Collect$$rtentry$$0000000A) for __rt_entry_li
    rtentry.o(.ARM.exidx) refers (Special) to rtentry2.o(.ARM.Collect$$rtentry$$0000000D) for __rt_entry_main
    rtentry.o(.ARM.exidx) refers (Special) to rtentry2.o(.ARM.Collect$$rtentry$$0000000C) for __rt_entry_postli_1
    rtentry.o(.ARM.exidx) refers (Special) to rtentry2.o(.ARM.Collect$$rtentry$$00000009) for __rt_entry_postsh_1
    rtentry.o(.ARM.exidx) refers (Special) to rtentry2.o(.ARM.Collect$$rtentry$$00000002) for __rt_entry_presh_1
    rtentry.o(.ARM.exidx) refers (Special) to rtentry4.o(.ARM.Collect$$rtentry$$00000004) for __rt_entry_sh
    rtentry.o(.ARM.exidx) refers to rtentry.o(.ARM.Collect$$rtentry$$00000000) for .ARM.Collect$$rtentry$$00000000
    rtentry2.o(.ARM.Collect$$rtentry$$00000008) refers to boardinit2.o(.text) for _platform_post_stackheap_init
    rtentry2.o(.ARM.Collect$$rtentry$$0000000A) refers to libinit.o(.ARM.Collect$$libinit$$00000000) for __rt_lib_init
    rtentry2.o(.ARM.Collect$$rtentry$$0000000B) refers to boardinit3.o(.text) for _platform_post_lib_init
    rtentry2.o(.ARM.Collect$$rtentry$$0000000D) refers to exit.o(.text) for exit
    rtentry2.o(.ARM.Collect$$rtentry$$0000000D) refers to lab7cwrapper.o(.text) for main
    rtentry2.o(.ARM.exidx) refers to rtentry2.o(.ARM.Collect$$rtentry$$00000001) for .ARM.Collect$$rtentry$$00000001
    rtentry2.o(.ARM.exidx) refers to rtentry2.o(.ARM.Collect$$rtentry$$00000002) for .ARM.Collect$$rtentry$$00000002
    rtentry2.o(.ARM.exidx) refers to rtentry2.o(.ARM.Collect$$rtentry$$00000008) for .ARM.Collect$$rtentry$$00000008
    rtentry2.o(.ARM.exidx) refers to rtentry2.o(.ARM.Collect$$rtentry$$00000009) for .ARM.Collect$$rtentry$$00000009
    rtentry2.o(.ARM.exidx) refers to rtentry2.o(.ARM.Collect$$rtentry$$0000000A) for .ARM.Collect$$rtentry$$0000000A
    rtentry2.o(.ARM.exidx) refers to rtentry2.o(.ARM.Collect$$rtentry$$0000000B) for .ARM.Collect$$rtentry$$0000000B
    rtentry2.o(.ARM.exidx) refers to rtentry2.o(.ARM.Collect$$rtentry$$0000000C) for .ARM.Collect$$rtentry$$0000000C
    rtentry2.o(.ARM.exidx) refers to rtentry2.o(.ARM.Collect$$rtentry$$0000000D) for .ARM.Collect$$rtentry$$0000000D
    rtentry4.o(.ARM.Collect$$rtentry$$00000004) refers to sys_stackheap_outer.o(.text) for __user_setup_stackheap
    rtentry4.o(.ARM.exidx) refers to rtentry4.o(.ARM.Collect$$rtentry$$00000004) for .ARM.Collect$$rtentry$$00000004
    sys_stackheap_outer.o(.text) refers to libspace.o(.text) for __user_perproc_libspace
    sys_stackheap_outer.o(.text) refers to startup.o(.text) for __user_initial_stackheap
    exit.o(.text) refers to rtexit.o(.ARM.Collect$$rtexit$$00000000) for __rt_exit
    libinit.o(.ARM.Collect$$libinit$$00000000) refers (Special) to libinit2.o(.ARM.Collect$$libinit$$0000002A) for __rt_lib_init_alloca_1
    libinit.o(.ARM.Collect$$libinit$$00000000) refers (Special) to libinit2.o(.ARM.Collect$$libinit$$00000028) for __rt_lib_init_argv_1
    libinit.o(.ARM.Collect$$libinit$$00000000) refers (Special) to libinit2.o(.ARM.Collect$$libinit$$00000017) for __rt_lib_init_atexit_1
    libinit.o(.ARM.Collect$$libinit$$00000000) refers (Special) to libinit2.o(.ARM.Collect$$libinit$$0000001D) for __rt_lib_init_clock_1
    libinit.o(.ARM.Collect$$libinit$$00000000) refers (Special) to libinit2.o(.ARM.Collect$$libinit$$0000002E) for __rt_lib_init_cpp_1
    libinit.o(.ARM.Collect$$libinit$$00000000) refers (Special) to libinit2.o(.ARM.Collect$$libinit$$0000002C) for __rt_lib_init_exceptions_1
    libinit.o(.ARM.Collect$$libinit$$00000000) refers (Special) to libinit2.o(.ARM.Collect$$libinit$$0000001B) for __rt_lib_init_fp_trap_1
    libinit.o(.ARM.Collect$$libinit$$00000000) refers (Special) to libinit2.o(.ARM.Collect$$libinit$$0000001F) for __rt_lib_init_getenv_1
    libinit.o(.ARM.Collect$$libinit$$00000000) refers (Special) to libinit2.o(.ARM.Collect$$libinit$$00000006) for __rt_lib_init_heap_1
    libinit.o(.ARM.Collect$$libinit$$00000000) refers (Special) to libinit2.o(.ARM.Collect$$libinit$$0000000D) for __rt_lib_init_lc_collate_1
    libinit.o(.ARM.Collect$$libinit$$00000000) refers (Special) to libinit2.o(.ARM.Collect$$libinit$$0000000F) for __rt_lib_init_lc_ctype_1
    libinit.o(.ARM.Collect$$libinit$$00000000) refers (Special) to libinit2.o(.ARM.Collect$$libinit$$00000011) for __rt_lib_init_lc_monetary_1
    libinit.o(.ARM.Collect$$libinit$$00000000) refers (Special) to libinit2.o(.ARM.Collect$$libinit$$00000013) for __rt_lib_init_lc_numeric_1
    libinit.o(.ARM.Collect$$libinit$$00000000) refers (Special) to libinit2.o(.ARM.Collect$$libinit$$00000015) for __rt_lib_init_lc_time_1
    libinit.o(.ARM.Collect$$libinit$$00000000) refers (Special) to libinit2.o(.ARM.Collect$$libinit$$0000000A) for __rt_lib_init_rand_1
    libinit.o(.ARM.Collect$$libinit$$00000000) refers (Special) to libinit2.o(.ARM.Collect$$libinit$$0000002F) for __rt_lib_init_return
    libinit.o(.ARM.Collect$$libinit$$00000000) refers (Special) to libinit2.o(.ARM.Collect$$libinit$$00000019) for __rt_lib_init_signal_1
    libinit.o(.ARM.Collect$$libinit$$00000000) refers (Special) to libinit2.o(.ARM.Collect$$libinit$$00000021) for __rt_lib_init_stdio_1
    libinit.o(.ARM.Collect$$libinit$$00000000) refers (Special) to libinit2.o(.ARM.Collect$$libinit$$00000008) for __rt_lib_init_user_alloc_1
    libinit.o(.ARM.Collect$$libinit$$00000000) refers to fpinit.o(x$fpl$fpinit) for _fp_init
    libspace.o(.text) refers to libspace.o(.bss) for __libspace_start
    rtexit.o(.ARM.Collect$$rtexit$$00000000) refers (Special) to rtexit2.o(.ARM.Collect$$rtexit$$00000004) for __rt_exit_exit
    rtexit.o(.ARM.Collect$$rtexit$$00000000) refers (Special) to rtexit2.o(.ARM.Collect$$rtexit$$00000003) for __rt_exit_ls
    rtexit.o(.ARM.Collect$$rtexit$$00000000) refers (Special) to rtexit2.o(.ARM.Collect$$rtexit$$00000002) for __rt_exit_prels_1
    rtexit.o(.ARM.exidx) refers (Special) to rtexit2.o(.ARM.Collect$$rtexit$$00000004) for __rt_exit_exit
    rtexit.o(.ARM.exidx) refers (Special) to rtexit2.o(.ARM.Collect$$rtexit$$00000003) for __rt_exit_ls
    rtexit.o(.ARM.exidx) refers (Special) to rtexit2.o(.ARM.Collect$$rtexit$$00000002) for __rt_exit_prels_1
    rtexit.o(.ARM.exidx) refers to rtexit.o(.ARM.Collect$$rtexit$$00000000) for .ARM.Collect$$rtexit$$00000000
    libinit2.o(.ARM.Collect$$libinit$$0000000C) refers to libinit2.o(.ARM.Collect$$libinit$$0000000B) for .ARM.Collect$$libinit$$0000000B
    libinit2.o(.ARM.Collect$$libinit$$0000000E) refers to libinit2.o(.ARM.Collect$$libinit$$0000000B) for .ARM.Collect$$libinit$$0000000B
    libinit2.o(.ARM.Collect$$libinit$$00000010) refers to libinit2.o(.ARM.Collect$$libinit$$0000000B) for .ARM.Collect$$libinit$$0000000B
    libinit2.o(.ARM.Collect$$libinit$$00000012) refers to libinit2.o(.ARM.Collect$$libinit$$0000000B) for .ARM.Collect$$libinit$$0000000B
    libinit2.o(.ARM.Collect$$libinit$$00000014) refers to libinit2.o(.ARM.Collect$$libinit$$0000000B) for .ARM.Collect$$libinit$$0000000B
    libinit2.o(.ARM.Collect$$libinit$$00000022) refers to argv_veneer.o(.emb_text) for __ARM_argv_veneer
    libinit2.o(.ARM.Collect$$libinit$$00000023) refers to argv_veneer.o(.emb_text) for __ARM_argv_veneer
    fpinit.o(x$fpl$fpinit) refers to rt_fp_status_addr_intlibspace.o(.text) for __rt_fp_status_addr
    rtexit2.o(.ARM.Collect$$rtexit$$00000003) refers to libshutdown.o(.ARM.Collect$$libshutdown$$00000000) for __rt_lib_shutdown
    rtexit2.o(.ARM.Collect$$rtexit$$00000004) refers to sys_exit.o(.text) for _sys_exit
    rtexit2.o(.ARM.exidx) refers to rtexit2.o(.ARM.Collect$$rtexit$$00000001) for .ARM.Collect$$rtexit$$00000001
    rtexit2.o(.ARM.exidx) refers to rtexit2.o(.ARM.Collect$$rtexit$$00000002) for .ARM.Collect$$rtexit$$00000002
    rtexit2.o(.ARM.exidx) refers to rtexit2.o(.ARM.Collect$$rtexit$$00000003) for .ARM.Collect$$rtexit$$00000003
    rtexit2.o(.ARM.exidx) refers to rtexit2.o(.ARM.Collect$$rtexit$$00000004) for .ARM.Collect$$rtexit$$00000004
    rt_fp_status_addr.o(.text) refers to rt_fp_status_addr.o(.bss) for __rt_fp_status_addr_data
    rt_fp_status_addr_intlibspace.o(.text) refers to libspace.o(.bss) for __libspace_start
    argv_veneer.o(.emb_text) refers to no_argv.o(.text) for __ARM_get_argv
    sys_exit.o(.text) refers to use_no_semi.o(.text) for __I$use$semihosting
    _get_argv_nomalloc.o(.text) refers (Special) to hrguard.o(.text) for __heap_region$guard
    _get_argv_nomalloc.o(.text) refers to defsig_rtmem_outer.o(.text) for __rt_SIGRTMEM
    _get_argv_nomalloc.o(.text) refers to sys_command.o(.text) for _sys_command_string
    libshutdown.o(.ARM.Collect$$libshutdown$$00000000) refers (Special) to libshutdown2.o(.ARM.Collect$$libshutdown$$00000006) for __rt_lib_shutdown_fp_trap_1
    libshutdown.o(.ARM.Collect$$libshutdown$$00000000) refers (Special) to libshutdown2.o(.ARM.Collect$$libshutdown$$0000000E) for __rt_lib_shutdown_heap_1
    libshutdown.o(.ARM.Collect$$libshutdown$$00000000) refers (Special) to libshutdown2.o(.ARM.Collect$$libshutdown$$0000000F) for __rt_lib_shutdown_return
    libshutdown.o(.ARM.Collect$$libshutdown$$00000000) refers (Special) to libshutdown2.o(.ARM.Collect$$libshutdown$$00000009) for __rt_lib_shutdown_signal_1
    libshutdown.o(.ARM.Collect$$libshutdown$$00000000) refers (Special) to libshutdown2.o(.ARM.Collect$$libshutdown$$00000003) for __rt_lib_shutdown_stdio_1
    libshutdown.o(.ARM.Collect$$libshutdown$$00000000) refers (Special) to libshutdown2.o(.ARM.Collect$$libshutdown$$0000000B) for __rt_lib_shutdown_user_alloc_1
    sys_command.o(.text) refers (Special) to use_no_semi.o(.text) for __I$use$semihosting
    defsig_rtmem_outer.o(.text) refers to defsig_rtmem_inner.o(.text) for __rt_SIGRTMEM_inner
    defsig_rtmem_outer.o(.text) refers to defsig_exit.o(.text) for __sig_exit
    defsig_rtmem_formal.o(.text) refers to rt_raise.o(.text) for __rt_raise
    rt_raise.o(.text) refers to __raise.o(.text) for __raise
    rt_raise.o(.text) refers to sys_exit.o(.text) for _sys_exit
    defsig_exit.o(.text) refers to sys_exit.o(.text) for _sys_exit
    defsig_rtmem_inner.o(.text) refers to defsig_general.o(.text) for __default_signal_display
    __raise.o(.text) refers to defsig.o(CL$$defsig) for __default_signal_handler
    __raise.o(.text) refers to __raise.o(i.__ARM_common_call_via_r2) for __ARM_common_call_via_r2
    defsig_general.o(.text) refers to sys_wrch.o(.text) for _ttywrch
    sys_wrch.o(.text) refers (Special) to use_no_semi.o(.text) for __I$use$semihosting
    defsig.o(CL$$defsig) refers to defsig_rtmem_inner.o(.text) for __rt_SIGRTMEM_inner
    defsig_abrt_inner.o(.text) refers to defsig_general.o(.text) for __default_signal_display
    defsig_fpe_inner.o(.text) refers to defsig_general.o(.text) for __default_signal_display
    defsig_rtred_inner.o(.text) refers to defsig_general.o(.text) for __default_signal_display
    defsig_stak_inner.o(.text) refers to defsig_general.o(.text) for __default_signal_display
    defsig_pvfn_inner.o(.text) refers to defsig_general.o(.text) for __default_signal_display
    defsig_cppl_inner.o(.text) refers to defsig_general.o(.text) for __default_signal_display
    defsig_segv_inner.o(.text) refers to defsig_general.o(.text) for __default_signal_display
    defsig_other.o(.text) refers to defsig_general.o(.text) for __default_signal_display


==============================================================================

Adding Veneers to the image

    Adding AT veneer (8 bytes, Inline) for call to '__rt_lib_init' from rtentry2.o(.ARM.Collect$$rtentry$$0000000A).
    Adding AT veneer (8 bytes, Inline) for call to '__rt_lib_shutdown' from rtexit2.o(.ARM.Collect$$rtexit$$00000003).
    Adding TA veneer (4 bytes, Inline) for call to '__rt_exit' from exit.o(.text).
    Adding AA veneer (8 bytes, Long) for call to 'lab7' from lab7cwrapper.o(.text).
    Adding TA veneer (4 bytes, Inline) for call to '_fp_init' from libinit.o(.ARM.Collect$$libinit$$00000000).

5 Veneer(s) (total 32 bytes) added to the image.

==============================================================================

Image Symbol Table

    Local Symbols

    Symbol Name                              Value     Ov Type        Size  Object(Section)

    RESET                                    0x00000000   Section      268  startup.o(RESET)
    ../../angel/boardlib.s                   0x00000000   Number         0  boardinit3.o ABSOLUTE
    ../../angel/boardlib.s                   0x00000000   Number         0  boardinit2.o ABSOLUTE
    ../../angel/boardlib.s                   0x00000000   Number         0  boardinit1.o ABSOLUTE
    ../../angel/boardlib.s                   0x00000000   Number         0  boardshut.o ABSOLUTE
    ../../angel/dclz77c.s                    0x00000000   Number         0  __dclz77c.o ABSOLUTE
    ../../angel/handlers.s                   0x00000000   Number         0  __scatter_zi.o ABSOLUTE
    ../../angel/kernel.s                     0x00000000   Number         0  rtexit.o ABSOLUTE
    ../../angel/kernel.s                     0x00000000   Number         0  rtentry4.o ABSOLUTE
    ../../angel/kernel.s                     0x00000000   Number         0  rtexit2.o ABSOLUTE
    ../../angel/kernel.s                     0x00000000   Number         0  rtentry.o ABSOLUTE
    ../../angel/kernel.s                     0x00000000   Number         0  rtentry2.o ABSOLUTE
    ../../angel/rt.s                         0x00000000   Number         0  rt_fp_status_addr_intlibspace.o ABSOLUTE
    ../../angel/rt.s                         0x00000000   Number         0  rt_fp_status_addr.o ABSOLUTE
    ../../angel/rt.s                         0x00000000   Number         0  rt_raise.o ABSOLUTE
    ../../angel/scatter.s                    0x00000000   Number         0  __scatter.o ABSOLUTE
    ../../angel/startup.s                    0x00000000   Number         0  __main.o ABSOLUTE
    ../../angel/sys.s                        0x00000000   Number         0  libspace.o ABSOLUTE
    ../../angel/sys.s                        0x00000000   Number         0  sys_stackheap_outer.o ABSOLUTE
    ../../angel/sys.s                        0x00000000   Number         0  sys_exit.o ABSOLUTE
    ../../angel/sys.s                        0x00000000   Number         0  use_no_semi.o ABSOLUTE
    ../../angel/sysapp.c                     0x00000000   Number         0  sys_wrch.o ABSOLUTE
    ../../angel/sysapp.c                     0x00000000   Number         0  sys_command.o ABSOLUTE
    ../../armsys.c                           0x00000000   Number         0  argv_veneer.o ABSOLUTE
    ../../armsys.c                           0x00000000   Number         0  argv_veneer.o ABSOLUTE
    ../../armsys.c                           0x00000000   Number         0  _get_argv_nomalloc.o ABSOLUTE
    ../../armsys.c                           0x00000000   Number         0  no_argv.o ABSOLUTE
    ../../fpinit.s                           0x00000000   Number         0  fpinit.o ABSOLUTE
    ../../heapalloc.c                        0x00000000   Number         0  hrguard.o ABSOLUTE
    ../../heapaux.c                          0x00000000   Number         0  heapauxi.o ABSOLUTE
    ../../libinit.s                          0x00000000   Number         0  libshutdown.o ABSOLUTE
    ../../libinit.s                          0x00000000   Number         0  libshutdown2.o ABSOLUTE
    ../../libinit.s                          0x00000000   Number         0  libinit2.o ABSOLUTE
    ../../libinit.s                          0x00000000   Number         0  libinit.o ABSOLUTE
    ../../signal.c                           0x00000000   Number         0  defsig_rtmem_formal.o ABSOLUTE
    ../../signal.c                           0x00000000   Number         0  defsig_rtmem_outer.o ABSOLUTE
    ../../signal.c                           0x00000000   Number         0  defsig_general.o ABSOLUTE
    ../../signal.c                           0x00000000   Number         0  defsig_other.o ABSOLUTE
    ../../signal.c                           0x00000000   Number         0  defsig_segv_inner.o ABSOLUTE
    ../../signal.c                           0x00000000   Number         0  defsig_cppl_inner.o ABSOLUTE
    ../../signal.c                           0x00000000   Number         0  defsig_pvfn_inner.o ABSOLUTE
    ../../signal.c                           0x00000000   Number         0  defsig_stak_inner.o ABSOLUTE
    ../../signal.c                           0x00000000   Number         0  defsig_rtred_inner.o ABSOLUTE
    ../../signal.c                           0x00000000   Number         0  defsig_fpe_inner.o ABSOLUTE
    ../../signal.c                           0x00000000   Number         0  defsig_abrt_inner.o ABSOLUTE
    ../../signal.c                           0x00000000   Number         0  __raise.o ABSOLUTE
    ../../signal.c                           0x00000000   Number         0  defsig_rtmem_inner.o ABSOLUTE
    ../../signal.c                           0x00000000   Number         0  defsig_exit.o ABSOLUTE
    ../../signal.s                           0x00000000   Number         0  defsig.o ABSOLUTE
    ../../stdlib.c                           0x00000000   Number         0  exit.o ABSOLUTE
    Startup.s                                0x00000000   Number         0  startup.o ABSOLUTE
    dc.s                                     0x00000000   Number         0  dc.o ABSOLUTE
    general_library.s                        0x00000000   Number         0  general_library.o ABSOLUTE
    graphics_library.s                       0x00000000   Number         0  graphics_library.o ABSOLUTE
    hardware_library.s                       0x00000000   Number         0  hardware_library.o ABSOLUTE
    lab7.s                                   0x00000000   Number         0  lab7.o ABSOLUTE
    lab7cwrapper.c                           0x00000000   Number         0  lab7cwrapper.o ABSOLUTE
    string_library.s                         0x00000000   Number         0  string_library.o ABSOLUTE
    Undef_Handler                            0x00000040   ARM Code       4  startup.o(RESET)
    SWI_Handler                              0x00000044   ARM Code       4  startup.o(RESET)
    PAbt_Handler                             0x00000048   ARM Code       4  startup.o(RESET)
    DAbt_Handler                             0x0000004c   ARM Code       4  startup.o(RESET)
    IRQ_Handler                              0x00000050   ARM Code       4  startup.o(RESET)
    !!!main                                  0x0000010c   Section        8  __main.o(!!!main)
    !!!scatter                               0x00000114   Section       60  __scatter.o(!!!scatter)
    !!dclz77c                                0x00000150   Section       96  __dclz77c.o(!!dclz77c)
    _decompress_loop                         0x0000015b   Thumb Code     0  __dclz77c.o(!!dclz77c)
    _decompress_getlen                       0x00000169   Thumb Code     0  __dclz77c.o(!!dclz77c)
    _decompress_lits                         0x00000171   Thumb Code     0  __dclz77c.o(!!dclz77c)
    _decompress_lit                          0x00000175   Thumb Code     0  __dclz77c.o(!!dclz77c)
    _decompress_setupcopy                    0x00000181   Thumb Code     0  __dclz77c.o(!!dclz77c)
    _decompress_setupcopy_shortx             0x00000197   Thumb Code     0  __dclz77c.o(!!dclz77c)
    _decompress_copy                         0x0000019d   Thumb Code     0  __dclz77c.o(!!dclz77c)
    _decompress_end                          0x000001a9   Thumb Code     0  __dclz77c.o(!!dclz77c)
    !!handler_zi                             0x000001b0   Section       44  __scatter_zi.o(!!handler_zi)
    .ARM.Collect$$libinit$$00000000          0x000001e4   Section        6  libinit.o(.ARM.Collect$$libinit$$00000000)
    .ARM.Collect$$libinit$$00000006          0x000001ea   Section        0  libinit2.o(.ARM.Collect$$libinit$$00000006)
    .ARM.Collect$$libinit$$00000008          0x000001ea   Section        0  libinit2.o(.ARM.Collect$$libinit$$00000008)
    .ARM.Collect$$libinit$$0000000A          0x000001ea   Section        0  libinit2.o(.ARM.Collect$$libinit$$0000000A)
    .ARM.Collect$$libinit$$0000000D          0x000001ea   Section        0  libinit2.o(.ARM.Collect$$libinit$$0000000D)
    .ARM.Collect$$libinit$$0000000F          0x000001ea   Section        0  libinit2.o(.ARM.Collect$$libinit$$0000000F)
    .ARM.Collect$$libinit$$00000011          0x000001ea   Section        0  libinit2.o(.ARM.Collect$$libinit$$00000011)
    .ARM.Collect$$libinit$$00000013          0x000001ea   Section        0  libinit2.o(.ARM.Collect$$libinit$$00000013)
    .ARM.Collect$$libinit$$00000015          0x000001ea   Section        0  libinit2.o(.ARM.Collect$$libinit$$00000015)
    .ARM.Collect$$libinit$$00000017          0x000001ea   Section        0  libinit2.o(.ARM.Collect$$libinit$$00000017)
    .ARM.Collect$$libinit$$00000019          0x000001ea   Section        0  libinit2.o(.ARM.Collect$$libinit$$00000019)
    .ARM.Collect$$libinit$$0000001B          0x000001ea   Section        0  libinit2.o(.ARM.Collect$$libinit$$0000001B)
    .ARM.Collect$$libinit$$0000001D          0x000001ea   Section        0  libinit2.o(.ARM.Collect$$libinit$$0000001D)
    .ARM.Collect$$libinit$$0000001F          0x000001ea   Section        0  libinit2.o(.ARM.Collect$$libinit$$0000001F)
    .ARM.Collect$$libinit$$00000021          0x000001ea   Section        0  libinit2.o(.ARM.Collect$$libinit$$00000021)
    .ARM.Collect$$libinit$$00000028          0x000001ea   Section        0  libinit2.o(.ARM.Collect$$libinit$$00000028)
    .ARM.Collect$$libinit$$0000002A          0x000001ea   Section        0  libinit2.o(.ARM.Collect$$libinit$$0000002A)
    .ARM.Collect$$libinit$$0000002C          0x000001ea   Section        0  libinit2.o(.ARM.Collect$$libinit$$0000002C)
    .ARM.Collect$$libinit$$0000002E          0x000001ea   Section        0  libinit2.o(.ARM.Collect$$libinit$$0000002E)
    .ARM.Collect$$libinit$$0000002F          0x000001ea   Section       12  libinit2.o(.ARM.Collect$$libinit$$0000002F)
    .ARM.Collect$$libshutdown$$00000000      0x00000200   Section        4  libshutdown.o(.ARM.Collect$$libshutdown$$00000000)
    .ARM.Collect$$libshutdown$$00000003      0x00000204   Section        0  libshutdown2.o(.ARM.Collect$$libshutdown$$00000003)
    .ARM.Collect$$libshutdown$$00000006      0x00000204   Section        0  libshutdown2.o(.ARM.Collect$$libshutdown$$00000006)
    .ARM.Collect$$libshutdown$$00000009      0x00000204   Section        0  libshutdown2.o(.ARM.Collect$$libshutdown$$00000009)
    .ARM.Collect$$libshutdown$$0000000B      0x00000204   Section        0  libshutdown2.o(.ARM.Collect$$libshutdown$$0000000B)
    .ARM.Collect$$libshutdown$$0000000E      0x00000204   Section        0  libshutdown2.o(.ARM.Collect$$libshutdown$$0000000E)
    .ARM.Collect$$libshutdown$$0000000F      0x00000204   Section        6  libshutdown2.o(.ARM.Collect$$libshutdown$$0000000F)
    .ARM.Collect$$rtentry$$00000000          0x0000020c   Section        0  rtentry.o(.ARM.Collect$$rtentry$$00000000)
    .ARM.Collect$$rtentry$$00000002          0x0000020c   Section        0  rtentry2.o(.ARM.Collect$$rtentry$$00000002)
    .ARM.Collect$$rtentry$$00000004          0x0000020c   Section        8  rtentry4.o(.ARM.Collect$$rtentry$$00000004)
    .ARM.Collect$$rtentry$$00000009          0x00000214   Section        0  rtentry2.o(.ARM.Collect$$rtentry$$00000009)
    .ARM.Collect$$rtentry$$0000000A          0x00000214   Section        4  rtentry2.o(.ARM.Collect$$rtentry$$0000000A)
    .ARM.Collect$$rtentry$$0000000C          0x00000218   Section        0  rtentry2.o(.ARM.Collect$$rtentry$$0000000C)
    .ARM.Collect$$rtentry$$0000000D          0x00000218   Section       40  rtentry2.o(.ARM.Collect$$rtentry$$0000000D)
    .ARM.Collect$$rtexit$$00000000           0x00000244   Section        4  rtexit.o(.ARM.Collect$$rtexit$$00000000)
    .ARM.Collect$$rtexit$$00000002           0x00000248   Section        0  rtexit2.o(.ARM.Collect$$rtexit$$00000002)
    .ARM.Collect$$rtexit$$00000003           0x00000248   Section        4  rtexit2.o(.ARM.Collect$$rtexit$$00000003)
    .ARM.Collect$$rtexit$$00000004           0x0000024c   Section        8  rtexit2.o(.ARM.Collect$$rtexit$$00000004)
    .text                                    0x00000254   Section        0  lab7cwrapper.o(.text)
    .text                                    0x00000268   Section       32  startup.o(.text)
    .text                                    0x00000288   Section        0  heapauxi.o(.text)
    .text                                    0x00000290   Section       96  sys_stackheap_outer.o(.text)
    .text                                    0x000002f0   Section        0  exit.o(.text)
    .text                                    0x000002fc   Section       12  libspace.o(.text)
    .text                                    0x00000308   Section       16  rt_fp_status_addr_intlibspace.o(.text)
    .text                                    0x00000318   Section       24  sys_exit.o(.text)
    .text                                    0x00000330   Section        4  use_no_semi.o(.text)
    x$fpl$fpinit                             0x00000340   Section       24  fpinit.o(x$fpl$fpinit)
    general_library                          0x40000000   Section      148  general_library.o(general_library)
    graphics_library                         0x40000094   Section     1588  graphics_library.o(graphics_library)
    title                                    0x40000094   Data          26  graphics_library.o(graphics_library)
    HUD                                      0x400000b0   Data          26  graphics_library.o(graphics_library)
    edge                                     0x400000cc   Data          26  graphics_library.o(graphics_library)
    row                                      0x400000e8   Data          26  graphics_library.o(graphics_library)
    zRow                                     0x40000104   Data          26  graphics_library.o(graphics_library)
    vec_0                                    0x40000120   Data           4  graphics_library.o(graphics_library)
    vec_1                                    0x4000013c   Data           4  graphics_library.o(graphics_library)
    vec_2                                    0x40000158   Data           4  graphics_library.o(graphics_library)
    vec_3                                    0x40000174   Data           4  graphics_library.o(graphics_library)
    vec_4                                    0x40000190   Data           4  graphics_library.o(graphics_library)
    vec_5                                    0x400001ac   Data           4  graphics_library.o(graphics_library)
    vec_6                                    0x400001c8   Data           4  graphics_library.o(graphics_library)
    vec_7                                    0x400001e4   Data           4  graphics_library.o(graphics_library)
    vec_8                                    0x40000200   Data           4  graphics_library.o(graphics_library)
    vec_9                                    0x4000021c   Data           4  graphics_library.o(graphics_library)
    vec_10                                   0x40000238   Data           4  graphics_library.o(graphics_library)
    vec_11                                   0x40000254   Data           4  graphics_library.o(graphics_library)
    vec_12                                   0x40000270   Data           4  graphics_library.o(graphics_library)
    vec_13                                   0x4000028c   Data           4  graphics_library.o(graphics_library)
    vec_14                                   0x400002a8   Data           4  graphics_library.o(graphics_library)
    array_base                               0x400002c4   Data           4  graphics_library.o(graphics_library)
    clear_chars                              0x40000300   Data           5  graphics_library.o(graphics_library)
    cursor_up_string                         0x40000308   Data           5  graphics_library.o(graphics_library)
    cursor_down_string                       0x40000310   Data           5  graphics_library.o(graphics_library)
    cursor_right_string                      0x40000318   Data           5  graphics_library.o(graphics_library)
    cursor_left_string                       0x40000320   Data           5  graphics_library.o(graphics_library)
    hardware_library                         0x400006c8   Section      708  hardware_library.o(hardware_library)
    LEDs_table                               0x400006c8   Data           0  hardware_library.o(hardware_library)
    read_push_btns_table                     0x40000708   Data           0  hardware_library.o(hardware_library)
    display_digit_table                      0x40000748   Data           0  hardware_library.o(hardware_library)
    color_chars_table                        0x40000788   Data           0  hardware_library.o(hardware_library)
    main                                     0x4000098c   Section     4044  lab7.o(main)
    game_status                              0x4000098c   Data           4  lab7.o(main)
    level                                    0x40000990   Data           4  lab7.o(main)
    score                                    0x40000994   Data           4  lab7.o(main)
    time                                     0x40000998   Data           4  lab7.o(main)
    life_count                               0x4000099c   Data           4  lab7.o(main)
    bomb_status                              0x400009a4   Data           4  lab7.o(main)
    rgb_status                               0x400009a8   Data           4  lab7.o(main)
    rand_character                           0x400009ac   Data           4  lab7.o(main)
    time_flag                                0x400009b0   Data           4  lab7.o(main)
    player_input                             0x400009b4   Data           4  lab7.o(main)
    current_direction                        0x400009b8   Data           4  lab7.o(main)
    bomberman_x                              0x400009bc   Data           4  lab7.o(main)
    bomberman_y                              0x400009c0   Data           4  lab7.o(main)
    bomberman_status                         0x400009c4   Data           4  lab7.o(main)
    slow_enemy_1_x                           0x400009c8   Data           4  lab7.o(main)
    slow_enemy_1_y                           0x400009cc   Data           4  lab7.o(main)
    slow_enemy_1_status                      0x400009d0   Data           4  lab7.o(main)
    slow_enemy_2_x                           0x400009d4   Data           4  lab7.o(main)
    slow_enemy_2_y                           0x400009d8   Data           4  lab7.o(main)
    slow_enemy_2_status                      0x400009dc   Data           4  lab7.o(main)
    fast_enemy_x                             0x400009e0   Data           4  lab7.o(main)
    fast_enemy_y                             0x400009e4   Data           4  lab7.o(main)
    fast_enemy_status                        0x400009e8   Data           4  lab7.o(main)
    bomb_x                                   0x400009ec   Data           4  lab7.o(main)
    bomb_y                                   0x400009f0   Data           4  lab7.o(main)
    welcome                                  0x400009f4   Data          23  lab7.o(main)
    game_over_string                         0x40000a0c   Data          10  lab7.o(main)
    speed_array                              0x40000a20   Data           0  lab7.o(main)
    string_library                           0x40001958   Section      744  string_library.o(string_library)
    int_to_ASCII_number_mem                  0x40001958   Data           0  string_library.o(string_library)
    read_string_mem                          0x40001968   Data           0  string_library.o(string_library)
    reverse_string_mem                       0x40001978   Data           0  string_library.o(string_library)
    set_figs_mem                             0x40001988   Data           0  string_library.o(string_library)
    .bss                                     0x40001c40   Section       96  libspace.o(.bss)
    HEAP                                     0x40001ca0   Section        0  startup.o(HEAP)
    STACK                                    0x40001ca0   Section     1160  startup.o(STACK)
    Heap_Mem                                 0x40001ca0   Data           0  startup.o(HEAP)
    Stack_Mem                                0x40001ca0   Data        1024  startup.o(STACK)
    Stack_Top                                0x40002128   Data           0  startup.o(STACK)

    Global Symbols

    Symbol Name                              Value     Ov Type        Size  Object(Section)

    BuildAttributes$$THM_ISAv1$ARM_ISAv4$S$PE$A:L22$X:L11$S22$IEEE1$IW$USESV6$~STKCKD$USESV7$~SHL$OSPACE$ROPI$EBA8$UX$STANDARDLIB$REQ8$EABIv2 0x00000000   Number         0  anon$$obj.o ABSOLUTE
    __ARM_use_no_argv                        0x00000000   Number         0  lab7cwrapper.o ABSOLUTE
    __ARM_exceptions_init                     - Undefined Weak Reference
    __alloca_initialize                       - Undefined Weak Reference
    __cpp_initialize__aeabi_                  - Undefined Weak Reference
    __cxa_finalize                            - Undefined Weak Reference
    __rt_locale                               - Undefined Weak Reference
    __sigvec_lookup                           - Undefined Weak Reference
    _atexit_init                              - Undefined Weak Reference
    _call_atexit_fns                          - Undefined Weak Reference
    _clock_init                               - Undefined Weak Reference
    _fp_trap_init                             - Undefined Weak Reference
    _fp_trap_shutdown                         - Undefined Weak Reference
    _get_lc_collate                           - Undefined Weak Reference
    _get_lc_ctype                             - Undefined Weak Reference
    _get_lc_monetary                          - Undefined Weak Reference
    _get_lc_numeric                           - Undefined Weak Reference
    _get_lc_time                              - Undefined Weak Reference
    _getenv_init                              - Undefined Weak Reference
    _handle_redirection                       - Undefined Weak Reference
    _init_alloc                               - Undefined Weak Reference
    _init_user_alloc                          - Undefined Weak Reference
    _initio                                   - Undefined Weak Reference
    _rand_init                                - Undefined Weak Reference
    _signal_finish                            - Undefined Weak Reference
    _signal_init                              - Undefined Weak Reference
    _terminate_alloc                          - Undefined Weak Reference
    _terminate_user_alloc                     - Undefined Weak Reference
    _terminateio                              - Undefined Weak Reference
    Reset_Handler                            0x00000054   ARM Code       0  startup.o(RESET)
    __main                                   0x0000010c   ARM Code       8  __main.o(!!!main)
    __scatterload                            0x00000114   ARM Code       0  __scatter.o(!!!scatter)
    __scatterload_rt2                        0x00000114   ARM Code      52  __scatter.o(!!!scatter)
    __scatterload_null                       0x00000128   ARM Code       0  __scatter.o(!!!scatter)
    __decompress                             0x00000150   ARM Code      96  __dclz77c.o(!!dclz77c)
    __decompress2                            0x00000150   ARM Code       0  __dclz77c.o(!!dclz77c)
    __scatterload_zeroinit                   0x000001b0   ARM Code      44  __scatter_zi.o(!!handler_zi)
    Inline ARM to Thumb Veneer to __rt_lib_init 0x000001dc   ARM Code       8  libinit.o(.ARM.Collect$$libinit$$00000000)
    __rt_lib_init                            0x000001e5   Thumb Code     0  libinit.o(.ARM.Collect$$libinit$$00000000)
    __rt_lib_init_alloca_1                   0x000001eb   Thumb Code     0  libinit2.o(.ARM.Collect$$libinit$$0000002A)
    __rt_lib_init_argv_1                     0x000001eb   Thumb Code     0  libinit2.o(.ARM.Collect$$libinit$$00000028)
    __rt_lib_init_atexit_1                   0x000001eb   Thumb Code     0  libinit2.o(.ARM.Collect$$libinit$$00000017)
    __rt_lib_init_clock_1                    0x000001eb   Thumb Code     0  libinit2.o(.ARM.Collect$$libinit$$0000001D)
    __rt_lib_init_cpp_1                      0x000001eb   Thumb Code     0  libinit2.o(.ARM.Collect$$libinit$$0000002E)
    __rt_lib_init_exceptions_1               0x000001eb   Thumb Code     0  libinit2.o(.ARM.Collect$$libinit$$0000002C)
    __rt_lib_init_fp_trap_1                  0x000001eb   Thumb Code     0  libinit2.o(.ARM.Collect$$libinit$$0000001B)
    __rt_lib_init_getenv_1                   0x000001eb   Thumb Code     0  libinit2.o(.ARM.Collect$$libinit$$0000001F)
    __rt_lib_init_heap_1                     0x000001eb   Thumb Code     0  libinit2.o(.ARM.Collect$$libinit$$00000006)
    __rt_lib_init_lc_collate_1               0x000001eb   Thumb Code     0  libinit2.o(.ARM.Collect$$libinit$$0000000D)
    __rt_lib_init_lc_ctype_1                 0x000001eb   Thumb Code     0  libinit2.o(.ARM.Collect$$libinit$$0000000F)
    __rt_lib_init_lc_monetary_1              0x000001eb   Thumb Code     0  libinit2.o(.ARM.Collect$$libinit$$00000011)
    __rt_lib_init_lc_numeric_1               0x000001eb   Thumb Code     0  libinit2.o(.ARM.Collect$$libinit$$00000013)
    __rt_lib_init_lc_time_1                  0x000001eb   Thumb Code     0  libinit2.o(.ARM.Collect$$libinit$$00000015)
    __rt_lib_init_rand_1                     0x000001eb   Thumb Code     0  libinit2.o(.ARM.Collect$$libinit$$0000000A)
    __rt_lib_init_return                     0x000001eb   Thumb Code     0  libinit2.o(.ARM.Collect$$libinit$$0000002F)
    __rt_lib_init_signal_1                   0x000001eb   Thumb Code     0  libinit2.o(.ARM.Collect$$libinit$$00000019)
    __rt_lib_init_stdio_1                    0x000001eb   Thumb Code     0  libinit2.o(.ARM.Collect$$libinit$$00000021)
    __rt_lib_init_user_alloc_1               0x000001eb   Thumb Code     0  libinit2.o(.ARM.Collect$$libinit$$00000008)
    Inline ARM to Thumb Veneer to __rt_lib_shutdown 0x000001f8   ARM Code       8  libshutdown.o(.ARM.Collect$$libshutdown$$00000000)
    __rt_lib_shutdown                        0x00000201   Thumb Code     0  libshutdown.o(.ARM.Collect$$libshutdown$$00000000)
    __rt_lib_shutdown_fp_trap_1              0x00000205   Thumb Code     0  libshutdown2.o(.ARM.Collect$$libshutdown$$00000006)
    __rt_lib_shutdown_heap_1                 0x00000205   Thumb Code     0  libshutdown2.o(.ARM.Collect$$libshutdown$$0000000E)
    __rt_lib_shutdown_return                 0x00000205   Thumb Code     0  libshutdown2.o(.ARM.Collect$$libshutdown$$0000000F)
    __rt_lib_shutdown_signal_1               0x00000205   Thumb Code     0  libshutdown2.o(.ARM.Collect$$libshutdown$$00000009)
    __rt_lib_shutdown_stdio_1                0x00000205   Thumb Code     0  libshutdown2.o(.ARM.Collect$$libshutdown$$00000003)
    __rt_lib_shutdown_user_alloc_1           0x00000205   Thumb Code     0  libshutdown2.o(.ARM.Collect$$libshutdown$$0000000B)
    __rt_entry                               0x0000020c   ARM Code       0  rtentry.o(.ARM.Collect$$rtentry$$00000000)
    __rt_entry_presh_1                       0x0000020c   ARM Code       0  rtentry2.o(.ARM.Collect$$rtentry$$00000002)
    __rt_entry_sh                            0x0000020c   ARM Code       0  rtentry4.o(.ARM.Collect$$rtentry$$00000004)
    __rt_entry_li                            0x00000214   ARM Code       0  rtentry2.o(.ARM.Collect$$rtentry$$0000000A)
    __rt_entry_postsh_1                      0x00000214   ARM Code       0  rtentry2.o(.ARM.Collect$$rtentry$$00000009)
    __rt_entry_main                          0x00000218   ARM Code       0  rtentry2.o(.ARM.Collect$$rtentry$$0000000D)
    __rt_entry_postli_1                      0x00000218   ARM Code       0  rtentry2.o(.ARM.Collect$$rtentry$$0000000C)
    Inline Thumb to ARM Veneer to __rt_exit  0x00000241   Thumb Code     4  rtexit.o(.ARM.Collect$$rtexit$$00000000)
    __rt_exit                                0x00000244   ARM Code       0  rtexit.o(.ARM.Collect$$rtexit$$00000000)
    __rt_exit_ls                             0x00000248   ARM Code       0  rtexit2.o(.ARM.Collect$$rtexit$$00000003)
    __rt_exit_prels_1                        0x00000248   ARM Code       0  rtexit2.o(.ARM.Collect$$rtexit$$00000002)
    __rt_exit_exit                           0x0000024c   ARM Code       0  rtexit2.o(.ARM.Collect$$rtexit$$00000004)
    main                                     0x00000254   ARM Code      20  lab7cwrapper.o(.text)
    __user_initial_stackheap                 0x00000268   ARM Code       0  startup.o(.text)
    __use_two_region_memory                  0x00000289   Thumb Code     2  heapauxi.o(.text)
    __rt_heap_escrow$2region                 0x0000028b   Thumb Code     2  heapauxi.o(.text)
    __rt_heap_expand$2region                 0x0000028d   Thumb Code     2  heapauxi.o(.text)
    __user_setup_stackheap                   0x00000290   ARM Code      96  sys_stackheap_outer.o(.text)
    exit                                     0x000002f1   Thumb Code    12  exit.o(.text)
    __user_libspace                          0x000002fc   ARM Code      12  libspace.o(.text)
    __user_perproc_libspace                  0x000002fc   ARM Code       0  libspace.o(.text)
    __user_perthread_libspace                0x000002fc   ARM Code       0  libspace.o(.text)
    __rt_fp_status_addr                      0x00000308   ARM Code      16  rt_fp_status_addr_intlibspace.o(.text)
    _sys_exit                                0x00000318   ARM Code      20  sys_exit.o(.text)
    __I$use$semihosting                      0x00000330   ARM Code       0  use_no_semi.o(.text)
    __use_no_semihosting_swi                 0x00000330   ARM Code       4  use_no_semi.o(.text)
    Long ARM to ARM Veneer to lab7           0x00000334   ARM Code       8  anon$$obj.o(Veneer$$Code)
    Inline Thumb to ARM Veneer to _fp_init   0x0000033d   Thumb Code     4  fpinit.o(x$fpl$fpinit)
    _fp_init                                 0x00000340   ARM Code      24  fpinit.o(x$fpl$fpinit)
    __fplib_config_pureend_doubles           0x00000350   ARM Code       0  fpinit.o(x$fpl$fpinit)
    Region$$Table$$Base                      0x00000358   Number         0  anon$$obj.o(Region$$Table)
    Region$$Table$$Limit                     0x00000378   Number         0  anon$$obj.o(Region$$Table)
    div_and_mod                              0x40000000   ARM Code       0  general_library.o(general_library)
    edit_register                            0x40000070   ARM Code       0  general_library.o(general_library)
    brick_setup                              0x40000328   ARM Code       0  graphics_library.o(graphics_library)
    change_character                         0x400003cc   ARM Code       0  graphics_library.o(graphics_library)
    change_score_value                       0x400003e4   ARM Code       0  graphics_library.o(graphics_library)
    change_time_value                        0x40000414   ARM Code       0  graphics_library.o(graphics_library)
    check_location                           0x40000444   ARM Code       0  graphics_library.o(graphics_library)
    clear_screen                             0x40000460   ARM Code       0  graphics_library.o(graphics_library)
    cursor_position                          0x40000480   ARM Code       0  graphics_library.o(graphics_library)
    cursor_down                              0x400004e8   ARM Code       0  graphics_library.o(graphics_library)
    cursor_left                              0x400004fc   ARM Code       0  graphics_library.o(graphics_library)
    cursor_right                             0x40000510   ARM Code       0  graphics_library.o(graphics_library)
    cursor_up                                0x40000524   ARM Code       0  graphics_library.o(graphics_library)
    draw_board                               0x40000538   ARM Code       0  graphics_library.o(graphics_library)
    draw_bomberman                           0x400005b0   ARM Code       0  graphics_library.o(graphics_library)
    draw_on_board                            0x400005c4   ARM Code       0  graphics_library.o(graphics_library)
    edit_array                               0x400005e4   ARM Code       0  graphics_library.o(graphics_library)
    populate_array                           0x40000604   ARM Code       0  graphics_library.o(graphics_library)
    read_array                               0x4000067c   ARM Code       0  graphics_library.o(graphics_library)
    read_push_btns                           0x400007a8   ARM Code       0  hardware_library.o(hardware_library)
    display_digit                            0x400007e0   ARM Code       0  hardware_library.o(hardware_library)
    LEDs                                     0x400007f8   ARM Code       0  hardware_library.o(hardware_library)
    pin_clear                                0x40000820   ARM Code       0  hardware_library.o(hardware_library)
    RGB_LED                                  0x40000850   ARM Code       0  hardware_library.o(hardware_library)
    rgb_set                                  0x4000088c   ARM Code       0  hardware_library.o(hardware_library)
    seg_pattern_display                      0x400008cc   ARM Code       0  hardware_library.o(hardware_library)
    GPIO_init                                0x400008f0   ARM Code       0  hardware_library.o(hardware_library)
    uart_init                                0x40000924   ARM Code       0  hardware_library.o(hardware_library)
    lab7                                     0x40000a2c   ARM Code       0  lab7.o(main)
    get_rand                                 0x400010a0   ARM Code       0  lab7.o(main)
    timer_init                               0x400015ac   ARM Code       0  lab7.o(main)
    interrupt_init                           0x40001620   ARM Code       0  lab7.o(main)
    FIQ_Handler                              0x40001698   ARM Code       0  lab7.o(main)
    cmp_str                                  0x40001998   ARM Code       0  string_library.o(string_library)
    numberString_to_int                      0x400019d8   ARM Code       0  string_library.o(string_library)
    int_to_numberString                      0x40001a3c   ARM Code       0  string_library.o(string_library)
    newline                                  0x40001a74   ARM Code       0  string_library.o(string_library)
    output_character                         0x40001a90   ARM Code       0  string_library.o(string_library)
    output_string                            0x40001ab8   ARM Code       0  string_library.o(string_library)
    println                                  0x40001ae0   ARM Code       0  string_library.o(string_library)
    prompt                                   0x40001af4   ARM Code       0  string_library.o(string_library)
    read_character                           0x40001b0c   ARM Code       0  string_library.o(string_library)
    read_string                              0x40001b34   ARM Code       0  string_library.o(string_library)
    reverse_string                           0x40001b6c   ARM Code       0  string_library.o(string_library)
    set_figs                                 0x40001ba4   ARM Code       0  string_library.o(string_library)
    store_string                             0x40001bec   ARM Code       0  string_library.o(string_library)
    string_length                            0x40001c08   ARM Code       0  string_library.o(string_library)
    __libspace_start                         0x40001c40   Data          96  libspace.o(.bss)
    __temporary_stack_top$libspace           0x40001ca0   Data           0  libspace.o(.bss)



==============================================================================

Memory Map of the image

  Image Entry point : 0x0000010c

  Load Region LR_IROM1 (Base: 0x00000000, Size: 0x00001fb8, Max: 0x00080000, ABSOLUTE, COMPRESSED[0x0000134c])

    Execution Region ER_IROM1 (Base: 0x00000000, Size: 0x00000378, Max: 0x00080000, ABSOLUTE)

    Base Addr    Size         Type   Attr      Idx    E Section Name        Object

    0x00000000   0x0000010c   Code   RO           27    RESET               startup.o
    0x0000010c   0x00000008   Code   RO           40  * !!!main             __main.o(c_t.l)
    0x00000114   0x0000003c   Code   RO          206    !!!scatter          __scatter.o(c_t.l)
    0x00000150   0x00000060   Code   RO          204    !!dclz77c           __dclz77c.o(c_t.l)
    0x000001b0   0x0000002c   Code   RO          208    !!handler_zi        __scatter_zi.o(c_t.l)
    0x000001dc   0x00000008   Ven    RO           72    .ARM.Collect$$libinit$$00000000  libinit.o(c_t.l)
    0x000001e4   0x00000006   Code   RO           72    .ARM.Collect$$libinit$$00000000  libinit.o(c_t.l)
    0x000001ea   0x00000000   Code   RO           80    .ARM.Collect$$libinit$$00000006  libinit2.o(c_t.l)
    0x000001ea   0x00000000   Code   RO           82    .ARM.Collect$$libinit$$00000008  libinit2.o(c_t.l)
    0x000001ea   0x00000000   Code   RO           84    .ARM.Collect$$libinit$$0000000A  libinit2.o(c_t.l)
    0x000001ea   0x00000000   Code   RO           87    .ARM.Collect$$libinit$$0000000D  libinit2.o(c_t.l)
    0x000001ea   0x00000000   Code   RO           89    .ARM.Collect$$libinit$$0000000F  libinit2.o(c_t.l)
    0x000001ea   0x00000000   Code   RO           91    .ARM.Collect$$libinit$$00000011  libinit2.o(c_t.l)
    0x000001ea   0x00000000   Code   RO           93    .ARM.Collect$$libinit$$00000013  libinit2.o(c_t.l)
    0x000001ea   0x00000000   Code   RO           95    .ARM.Collect$$libinit$$00000015  libinit2.o(c_t.l)
    0x000001ea   0x00000000   Code   RO           97    .ARM.Collect$$libinit$$00000017  libinit2.o(c_t.l)
    0x000001ea   0x00000000   Code   RO           99    .ARM.Collect$$libinit$$00000019  libinit2.o(c_t.l)
    0x000001ea   0x00000000   Code   RO          101    .ARM.Collect$$libinit$$0000001B  libinit2.o(c_t.l)
    0x000001ea   0x00000000   Code   RO          103    .ARM.Collect$$libinit$$0000001D  libinit2.o(c_t.l)
    0x000001ea   0x00000000   Code   RO          105    .ARM.Collect$$libinit$$0000001F  libinit2.o(c_t.l)
    0x000001ea   0x00000000   Code   RO          107    .ARM.Collect$$libinit$$00000021  libinit2.o(c_t.l)
    0x000001ea   0x00000000   Code   RO          111    .ARM.Collect$$libinit$$00000028  libinit2.o(c_t.l)
    0x000001ea   0x00000000   Code   RO          113    .ARM.Collect$$libinit$$0000002A  libinit2.o(c_t.l)
    0x000001ea   0x00000000   Code   RO          115    .ARM.Collect$$libinit$$0000002C  libinit2.o(c_t.l)
    0x000001ea   0x00000000   Code   RO          117    .ARM.Collect$$libinit$$0000002E  libinit2.o(c_t.l)
    0x000001ea   0x0000000c   Code   RO          118    .ARM.Collect$$libinit$$0000002F  libinit2.o(c_t.l)
    0x000001f6   0x00000002   PAD
    0x000001f8   0x00000008   Ven    RO          144    .ARM.Collect$$libshutdown$$00000000  libshutdown.o(c_t.l)
    0x00000200   0x00000004   Code   RO          144    .ARM.Collect$$libshutdown$$00000000  libshutdown.o(c_t.l)
    0x00000204   0x00000000   Code   RO          157    .ARM.Collect$$libshutdown$$00000003  libshutdown2.o(c_t.l)
    0x00000204   0x00000000   Code   RO          160    .ARM.Collect$$libshutdown$$00000006  libshutdown2.o(c_t.l)
    0x00000204   0x00000000   Code   RO          163    .ARM.Collect$$libshutdown$$00000009  libshutdown2.o(c_t.l)
    0x00000204   0x00000000   Code   RO          165    .ARM.Collect$$libshutdown$$0000000B  libshutdown2.o(c_t.l)
    0x00000204   0x00000000   Code   RO          168    .ARM.Collect$$libshutdown$$0000000E  libshutdown2.o(c_t.l)
    0x00000204   0x00000006   Code   RO          169    .ARM.Collect$$libshutdown$$0000000F  libshutdown2.o(c_t.l)
    0x0000020a   0x00000002   PAD
    0x0000020c   0x00000000   Code   RO           42    .ARM.Collect$$rtentry$$00000000  rtentry.o(c_t.l)
    0x0000020c   0x00000000   Code   RO           45    .ARM.Collect$$rtentry$$00000002  rtentry2.o(c_t.l)
    0x0000020c   0x00000008   Code   RO           60    .ARM.Collect$$rtentry$$00000004  rtentry4.o(c_t.l)
    0x00000214   0x00000000   Code   RO           47    .ARM.Collect$$rtentry$$00000009  rtentry2.o(c_t.l)
    0x00000214   0x00000004   Code   RO           48    .ARM.Collect$$rtentry$$0000000A  rtentry2.o(c_t.l)
    0x00000218   0x00000000   Code   RO           50    .ARM.Collect$$rtentry$$0000000C  rtentry2.o(c_t.l)
    0x00000218   0x00000028   Code   RO           51    .ARM.Collect$$rtentry$$0000000D  rtentry2.o(c_t.l)
    0x00000240   0x00000004   Ven    RO           76    .ARM.Collect$$rtexit$$00000000  rtexit.o(c_t.l)
    0x00000244   0x00000004   Code   RO           76    .ARM.Collect$$rtexit$$00000000  rtexit.o(c_t.l)
    0x00000248   0x00000000   Code   RO          122    .ARM.Collect$$rtexit$$00000002  rtexit2.o(c_t.l)
    0x00000248   0x00000004   Code   RO          123    .ARM.Collect$$rtexit$$00000003  rtexit2.o(c_t.l)
    0x0000024c   0x00000008   Code   RO          124    .ARM.Collect$$rtexit$$00000004  rtexit2.o(c_t.l)
    0x00000254   0x00000014   Code   RO            1    .text               lab7cwrapper.o
    0x00000268   0x00000020   Code   RO           28    .text               startup.o
    0x00000288   0x00000006   Code   RO           38    .text               heapauxi.o(c_t.l)
    0x0000028e   0x00000002   PAD
    0x00000290   0x00000060   Code   RO           62    .text               sys_stackheap_outer.o(c_t.l)
    0x000002f0   0x0000000c   Code   RO           64    .text               exit.o(c_t.l)
    0x000002fc   0x0000000c   Code   RO           73    .text               libspace.o(c_t.l)
    0x00000308   0x00000010   Code   RO          132    .text               rt_fp_status_addr_intlibspace.o(c_t.l)
    0x00000318   0x00000018   Code   RO          136    .text               sys_exit.o(c_t.l)
    0x00000330   0x00000004   Code   RO          147    .text               use_no_semi.o(c_t.l)
    0x00000334   0x00000008   Ven    RO          214    Veneer$$Code        anon$$obj.o
    0x0000033c   0x00000004   Ven    RO          119    x$fpl$fpinit        fpinit.o(fz_ts.l)
    0x00000340   0x00000018   Code   RO          119    x$fpl$fpinit        fpinit.o(fz_ts.l)
    0x00000358   0x00000020   Data   RO          202    Region$$Table       anon$$obj.o


    Execution Region RW_IRAM1 (Base: 0x40000000, Size: 0x00002128, Max: 0x00008000, ABSOLUTE, COMPRESSED[0x00000fd4])

    Base Addr    Size         Type   Attr      Idx    E Section Name        Object

    0x40000000   0x00000094   Code   RW           12    general_library     general_library.o
    0x40000094   0x00000634   Code   RW           16    graphics_library    graphics_library.o
    0x400006c8   0x000002c4   Code   RW           19    hardware_library    hardware_library.o
    0x4000098c   0x00000fcc   Code   RW           22    main                lab7.o
    0x40001958   0x000002e8   Code   RW           33    string_library      string_library.o
    0x40001c40   0x00000060   Zero   RW           74    .bss                libspace.o(c_t.l)
    0x40001ca0   0x00000000   Zero   RW           26    HEAP                startup.o
    0x40001ca0   0x00000488   Zero   RW           25    STACK               startup.o


==============================================================================

Image component sizes


      Code (inc. data)   RO Data    RW Data    ZI Data      Debug   Object Name

       148          0          0          0          0        236   general_library.o
      1588        704          0          0          0        432   graphics_library.o
       708        280          0          0          0        304   hardware_library.o
      4044        348          0          0          0       1100   lab7.o
        20          0          0          0          0       1835   lab7cwrapper.o
       300         60          0          0       1160        412   startup.o
       744         88          0          0          0        364   string_library.o

    ----------------------------------------------------------------------
      7560       1484         32          0       1160       4683   Object Totals
         8          4         32          0          0          0   (incl. Generated)
         0          0          0          0          0          3   (incl. Padding)

    ----------------------------------------------------------------------

      Code (inc. data)   RO Data    RW Data    ZI Data      Debug   Library Member Name

        96          2          0          0          0          0   __dclz77c.o
         8          0          0          0          0         68   __main.o
        60          8          0          0          0          0   __scatter.o
        44          0          0          0          0          0   __scatter_zi.o
        12          0          0          0          0         60   exit.o
        28          0          0          0          0         80   fpinit.o
         6          0          0          0          0        132   heapauxi.o
        14          0          0          0          0          0   libinit.o
        12          0          0          0          0          0   libinit2.o
        12          0          0          0          0          0   libshutdown.o
         6          0          0          0          0          0   libshutdown2.o
        12          4          0          0         96         68   libspace.o
        16          4          0          0          0         68   rt_fp_status_addr_intlibspace.o
         0          0          0          0          0          0   rtentry.o
        44          4          0          0          0          0   rtentry2.o
         8          0          0          0          0          0   rtentry4.o
         8          0          0          0          0          0   rtexit.o
        12          0          0          0          0          0   rtexit2.o
        24          8          0          0          0         68   sys_exit.o
        96          0          0          0          0         80   sys_stackheap_outer.o
         4          0          0          0          0         68   use_no_semi.o

    ----------------------------------------------------------------------
       528         30          0          0         96        692   Library Totals
         6          0          0          0          0          0   (incl. Padding)

    ----------------------------------------------------------------------

      Code (inc. data)   RO Data    RW Data    ZI Data      Debug   Library Name

       494         30          0          0         96        612   c_t.l
        28          0          0          0          0         80   fz_ts.l

    ----------------------------------------------------------------------
       528         30          0          0         96        692   Library Totals

    ----------------------------------------------------------------------

==============================================================================


      Code (inc. data)   RO Data    RW Data    ZI Data      Debug   

      8088       1514         32          0       1256       5036   Grand Totals
      8088       1514         32       4052       1256       5036   ELF Image Totals (compressed)
      8088       1514         32       4052          0          0   ROM Totals

==============================================================================

    Total RO  Size (Code + RO Data)                 8120 (   7.93kB)
    Total RW  Size (RW Data + ZI Data)              1256 (   1.23kB)
    Total ROM Size (Code + RO Data + RW Data)      12172 (  11.89kB)

==============================================================================

