<html>
<body>
<pre>
<h1>µVision Build Log</h1>
<h2>Project:</h2>
L:\labs\lab7_versions\lab7_v6\lab7.uvproj
Project File Date:  04/21/2015

<h2>Output:</h2>
Build target 'Target 1'
compiling lab7cwrapper.c...
assembling general_library.s...
assembling graphics_library.s...
assembling hardware_library.s...
assembling lab7.s...
assembling Startup.s...
assembling string_library.s...
linking...
Program Size: Code=7988 RO-data=32 RW-data=0 ZI-data=1260  
"lab7.axf" - 0 Error(s), 0 Warning(s).
Build target 'Target 1'
compiling lab7cwrapper.c...
assembling general_library.s...
assembling graphics_library.s...
assembling hardware_library.s...
assembling lab7.s...
assembling Startup.s...
assembling string_library.s...
linking...
Program Size: Code=7988 RO-data=32 RW-data=0 ZI-data=1260  
"lab7.axf" - 0 Error(s), 0 Warning(s).
Load "L:\\labs\\lab7_versions\\lab7_v6\\lab7.AXF" 
Erase Done.
Programming Done.
Verify OK.
Build target 'Target 1'
compiling lab7cwrapper.c...
assembling general_library.s...
assembling graphics_library.s...
assembling hardware_library.s...
assembling lab7.s...
assembling Startup.s...
assembling string_library.s...
linking...
Program Size: Code=7988 RO-data=32 RW-data=0 ZI-data=1260  
"lab7.axf" - 0 Error(s), 0 Warning(s).
Load "L:\\labs\\lab7_versions\\lab7_v6\\lab7.AXF" 
Erase Done.
Programming Done.
Verify OK.
Build target 'Target 1'
compiling lab7cwrapper.c...
assembling general_library.s...
assembling graphics_library.s...
assembling hardware_library.s...
assembling lab7.s...
assembling Startup.s...
assembling string_library.s...
linking...
Program Size: Code=7988 RO-data=32 RW-data=0 ZI-data=1260  
"lab7.axf" - 0 Error(s), 0 Warning(s).
Load "L:\\labs\\lab7_versions\\lab7_v6\\lab7.AXF" 
Erase Done.
Programming Done.
Verify OK.
Build target 'Target 1'
compiling lab7cwrapper.c...
assembling general_library.s...
assembling graphics_library.s...
assembling hardware_library.s...
assembling lab7.s...
assembling Startup.s...
assembling string_library.s...
linking...
Program Size: Code=8000 RO-data=32 RW-data=0 ZI-data=1256  
"lab7.axf" - 0 Error(s), 0 Warning(s).
Load "L:\\labs\\lab7_versions\\lab7_v6\\lab7.AXF" 
Erase Done.
Programming Done.
Verify OK.
Build target 'Target 1'
compiling lab7cwrapper.c...
assembling general_library.s...
assembling graphics_library.s...
assembling hardware_library.s...
assembling lab7.s...
assembling Startup.s...
assembling string_library.s...
linking...
Program Size: Code=8000 RO-data=32 RW-data=0 ZI-data=1256  
"lab7.axf" - 0 Error(s), 0 Warning(s).
Load "L:\\labs\\lab7_versions\\lab7_v6\\lab7.AXF" 
Erase Done.
Programming Done.
Verify OK.
Build target 'Target 1'
compiling lab7cwrapper.c...
assembling general_library.s...
assembling graphics_library.s...
assembling hardware_library.s...
assembling lab7.s...
assembling Startup.s...
assembling string_library.s...
linking...
Program Size: Code=8000 RO-data=32 RW-data=0 ZI-data=1256  
"lab7.axf" - 0 Error(s), 0 Warning(s).
Load "L:\\labs\\lab7_versions\\lab7_v6\\lab7.AXF" 
Erase Done.
Programming Done.
Verify OK.
Application running ...
Build target 'Target 1'
compiling lab7cwrapper.c...
assembling general_library.s...
assembling graphics_library.s...
assembling hardware_library.s...
assembling lab7.s...
assembling Startup.s...
assembling string_library.s...
linking...
Program Size: Code=8000 RO-data=32 RW-data=0 ZI-data=1256  
"lab7.axf" - 0 Error(s), 0 Warning(s).
Load "L:\\labs\\lab7_versions\\lab7_v6\\lab7.AXF" 
Erase Done.
Programming Done.
Verify OK.
Application running ...
Build target 'Target 1'
compiling lab7cwrapper.c...
assembling general_library.s...
assembling graphics_library.s...
assembling hardware_library.s...
assembling lab7.s...
assembling Startup.s...
assembling string_library.s...
linking...
Program Size: Code=7992 RO-data=32 RW-data=0 ZI-data=1256  
"lab7.axf" - 0 Error(s), 0 Warning(s).
Build target 'Target 1'
assembling lab7.s...
linking...
Program Size: Code=7992 RO-data=32 RW-data=0 ZI-data=1256  
"lab7.axf" - 0 Error(s), 0 Warning(s).
Load "L:\\labs\\lab7_versions\\lab7_v6\\lab7.AXF" 
Erase Done.
Programming Done.
Verify OK.
Application running ...
Load "L:\\labs\\lab7_versions\\lab7_v6\\lab7.AXF" 
Erase Done.
Programming Done.
Verify OK.
Application running ...
Build target 'Target 1'
compiling lab7cwrapper.c...
assembling general_library.s...
assembling graphics_library.s...
assembling hardware_library.s...
assembling lab7.s...
assembling Startup.s...
assembling string_library.s...
linking...
Program Size: Code=8008 RO-data=32 RW-data=0 ZI-data=1256  
"lab7.axf" - 0 Error(s), 0 Warning(s).
Load "L:\\labs\\lab7_versions\\lab7_v6\\lab7.AXF" 
Erase Done.
Programming Done.
Verify OK.
Application running ...
Build target 'Target 1'
compiling lab7cwrapper.c...
assembling general_library.s...
assembling graphics_library.s...
assembling hardware_library.s...
assembling lab7.s...
assembling Startup.s...
assembling string_library.s...
linking...
Program Size: Code=8008 RO-data=32 RW-data=0 ZI-data=1256  
"lab7.axf" - 0 Error(s), 0 Warning(s).
Load "L:\\labs\\lab7_versions\\lab7_v6\\lab7.AXF" 
Erase Done.
Programming Done.
Verify OK.
Application running ...
Build target 'Target 1'
compiling lab7cwrapper.c...
assembling general_library.s...
assembling graphics_library.s...
assembling hardware_library.s...
assembling lab7.s...
assembling Startup.s...
assembling string_library.s...
linking...
Program Size: Code=8008 RO-data=32 RW-data=0 ZI-data=1256  
"lab7.axf" - 0 Error(s), 0 Warning(s).
Build target 'Target 1'
compiling lab7cwrapper.c...
assembling general_library.s...
assembling graphics_library.s...
assembling hardware_library.s...
assembling lab7.s...
assembling Startup.s...
assembling string_library.s...
linking...
Program Size: Code=8008 RO-data=32 RW-data=0 ZI-data=1256  
"lab7.axf" - 0 Error(s), 0 Warning(s).
Load "L:\\labs\\lab7_versions\\lab7_v6\\lab7.AXF" 
Erase Done.
Programming Done.
Verify OK.
Application running ...
Build target 'Target 1'
compiling lab7cwrapper.c...
assembling general_library.s...
assembling graphics_library.s...
assembling hardware_library.s...
assembling lab7.s...
assembling Startup.s...
assembling string_library.s...
linking...
Program Size: Code=8032 RO-data=32 RW-data=0 ZI-data=1256  
"lab7.axf" - 0 Error(s), 0 Warning(s).
Load "L:\\labs\\lab7_versions\\lab7_v6\\lab7.AXF" 
Erase Done.
Programming Done.
Verify OK.
Application running ...
Build target 'Target 1'
compiling lab7cwrapper.c...
assembling general_library.s...
assembling graphics_library.s...
assembling hardware_library.s...
assembling lab7.s...
lab7.s(445): error: A1114E: Expected register relative expression
lab7.s:   445 00000428    LDR  r0, r4
lab7.s: 1 Error, 0 Warnings
assembling Startup.s...
assembling string_library.s...
Target not created
Build target 'Target 1'
compiling lab7cwrapper.c...
assembling general_library.s...
assembling graphics_library.s...
assembling hardware_library.s...
assembling lab7.s...
assembling Startup.s...
assembling string_library.s...
linking...
Program Size: Code=8060 RO-data=32 RW-data=0 ZI-data=1260  
"lab7.axf" - 0 Error(s), 0 Warning(s).
Load "L:\\labs\\lab7_versions\\lab7_v6\\lab7.AXF" 
Erase Done.
Programming Done.
Verify OK.
Application running ...
Build target 'Target 1'
compiling lab7cwrapper.c...
assembling general_library.s...
assembling graphics_library.s...
assembling hardware_library.s...
assembling lab7.s...
assembling Startup.s...
assembling string_library.s...
linking...
Program Size: Code=8096 RO-data=32 RW-data=0 ZI-data=1256  
"lab7.axf" - 0 Error(s), 0 Warning(s).
Build target 'Target 1'
compiling lab7cwrapper.c...
assembling general_library.s...
assembling graphics_library.s...
assembling hardware_library.s...
assembling lab7.s...
assembling Startup.s...
assembling string_library.s...
linking...
Program Size: Code=8088 RO-data=32 RW-data=0 ZI-data=1256  
"lab7.axf" - 0 Error(s), 0 Warning(s).
Load "L:\\labs\\lab7_versions\\lab7_v6\\lab7.AXF" 
Erase Done.
Programming Done.
Verify OK.
Application running ...
